error: unknown option '--webserver=no'
